[0m20:23:34.190801 [debug] [MainThread]: Sending event: {'category': 'dbt', 'action': 'invocation', 'label': 'start', 'context': [<snowplow_tracker.self_describing_json.SelfDescribingJson object at 0x7f0007d0a210>, <snowplow_tracker.self_describing_json.SelfDescribingJson object at 0x7f00080af0d0>, <snowplow_tracker.self_describing_json.SelfDescribingJson object at 0x7f00080aea50>]}


============================== 20:23:34.197933 | b6dc3b38-ddb5-4b0b-9dfc-1fc82ff0311e ==============================
[0m20:23:34.197933 [info ] [MainThread]: Running with dbt=1.9.0-b2
[0m20:23:34.199881 [debug] [MainThread]: running dbt with arguments {'printer_width': '80', 'indirect_selection': 'eager', 'log_cache_events': 'False', 'write_json': 'True', 'partial_parse': 'True', 'cache_selected_only': 'False', 'profiles_dir': '/home/oscar-sinaga/.dbt', 'version_check': 'True', 'debug': 'False', 'log_path': 'logs', 'warn_error': 'None', 'fail_fast': 'False', 'use_colors': 'True', 'use_experimental_parser': 'False', 'no_print': 'None', 'quiet': 'False', 'empty': 'None', 'log_format': 'default', 'static_parser': 'True', 'introspect': 'True', 'invocation_command': 'dbt init', 'target_path': 'None', 'warn_error_options': 'WarnErrorOptions(include=[], exclude=[])', 'send_anonymous_usage_stats': 'True'}
[0m20:23:45.946596 [debug] [MainThread]: Starter project path: /home/oscar-sinaga/miniconda3/lib/python3.11/site-packages/dbt/include/starter_project
[0m20:23:46.174145 [info ] [MainThread]: 
Your new dbt project "pacbook_dwh" was created!

For more information on how to configure the profiles.yml file,
please consult the dbt documentation here:

  https://docs.getdbt.com/docs/configure-your-profile

One more thing:

Need help? Don't hesitate to reach out to us via GitHub issues or on Slack:

  https://community.getdbt.com/

Happy modeling!

[0m20:23:46.176468 [info ] [MainThread]: Setting up your profile.
[0m20:27:44.366402 [info ] [MainThread]: Profile pacbook_dwh written to /home/oscar-sinaga/.dbt/profiles.yml using target's profile_template.yml and your supplied values. Run 'dbt debug' to validate the connection.
[0m20:27:44.373101 [debug] [MainThread]: Resource report: {"command_name": "init", "command_success": true, "command_wall_clock_time": 250.27013, "process_user_time": 1.690488, "process_kernel_time": 0.771099, "process_mem_max_rss": "94376", "process_in_blocks": "119112", "process_out_blocks": "16"}
[0m20:27:44.375679 [debug] [MainThread]: Command `dbt init` succeeded at 20:27:44.375408 after 250.27 seconds
[0m20:27:44.377026 [debug] [MainThread]: Sending event: {'category': 'dbt', 'action': 'invocation', 'label': 'end', 'context': [<snowplow_tracker.self_describing_json.SelfDescribingJson object at 0x7f0007d0b2d0>, <snowplow_tracker.self_describing_json.SelfDescribingJson object at 0x7f0007d0b450>, <snowplow_tracker.self_describing_json.SelfDescribingJson object at 0x7f000b8103d0>]}
[0m20:27:44.378353 [debug] [MainThread]: Flushing usage events
[0m20:27:45.950985 [debug] [MainThread]: An error was encountered while trying to flush usage events
[0m20:28:03.549839 [debug] [MainThread]: Sending event: {'category': 'dbt', 'action': 'invocation', 'label': 'start', 'context': [<snowplow_tracker.self_describing_json.SelfDescribingJson object at 0x7efd68fdf250>, <snowplow_tracker.self_describing_json.SelfDescribingJson object at 0x7efd6902f190>, <snowplow_tracker.self_describing_json.SelfDescribingJson object at 0x7efd693daa10>]}


============================== 20:28:03.555726 | 00519450-d11f-45cc-b6cf-5352f34dd6ca ==============================
[0m20:28:03.555726 [info ] [MainThread]: Running with dbt=1.9.0-b2
[0m20:28:03.557084 [debug] [MainThread]: running dbt with arguments {'printer_width': '80', 'indirect_selection': 'eager', 'write_json': 'True', 'log_cache_events': 'False', 'partial_parse': 'True', 'cache_selected_only': 'False', 'profiles_dir': '/home/oscar-sinaga/.dbt', 'version_check': 'True', 'debug': 'False', 'log_path': 'logs', 'warn_error': 'None', 'fail_fast': 'False', 'use_colors': 'True', 'use_experimental_parser': 'False', 'no_print': 'None', 'quiet': 'False', 'empty': 'None', 'log_format': 'default', 'static_parser': 'True', 'invocation_command': 'dbt debug', 'introspect': 'True', 'target_path': 'None', 'warn_error_options': 'WarnErrorOptions(include=[], exclude=[])', 'send_anonymous_usage_stats': 'True'}
[0m20:28:03.582045 [info ] [MainThread]: dbt version: 1.9.0-b2
[0m20:28:03.583381 [info ] [MainThread]: python version: 3.11.5
[0m20:28:03.584830 [info ] [MainThread]: python path: /home/oscar-sinaga/miniconda3/bin/python
[0m20:28:03.585964 [info ] [MainThread]: os info: Linux-5.15.167.4-microsoft-standard-WSL2-x86_64-with-glibc2.35
[0m20:28:03.730780 [info ] [MainThread]: Using profiles dir at /home/oscar-sinaga/.dbt
[0m20:28:03.733792 [info ] [MainThread]: Using profiles.yml file at /home/oscar-sinaga/.dbt/profiles.yml
[0m20:28:03.735664 [info ] [MainThread]: Using dbt_project.yml file at /mnt/d/OneDrive - UGM 365/dev/pacmann/data-storage-pacbook/dbt_project.yml
[0m20:28:03.737473 [error] [MainThread]: Encountered an error:
Internal Error
  Profile should not be None if loading profile completed
[0m20:28:03.740235 [debug] [MainThread]: Resource report: {"command_name": "debug", "command_wall_clock_time": 0.25795433, "process_user_time": 1.623265, "process_kernel_time": 0.244467, "process_mem_max_rss": "94424", "process_in_blocks": "59480", "command_success": false, "process_out_blocks": "0"}
[0m20:28:03.742875 [debug] [MainThread]: Command `dbt debug` failed at 20:28:03.742631 after 0.26 seconds
[0m20:28:03.744621 [debug] [MainThread]: Sending event: {'category': 'dbt', 'action': 'invocation', 'label': 'end', 'context': [<snowplow_tracker.self_describing_json.SelfDescribingJson object at 0x7efd690ec850>, <snowplow_tracker.self_describing_json.SelfDescribingJson object at 0x7efd6cb78390>, <snowplow_tracker.self_describing_json.SelfDescribingJson object at 0x7efd6900fa50>]}
[0m20:28:03.746598 [debug] [MainThread]: Flushing usage events
[0m20:28:05.566432 [debug] [MainThread]: An error was encountered while trying to flush usage events
[0m07:33:13.383992 [debug] [MainThread]: Sending event: {'category': 'dbt', 'action': 'invocation', 'label': 'start', 'context': [<snowplow_tracker.self_describing_json.SelfDescribingJson object at 0x7fad53c23450>, <snowplow_tracker.self_describing_json.SelfDescribingJson object at 0x7fad53c22b50>, <snowplow_tracker.self_describing_json.SelfDescribingJson object at 0x7fad53c34490>]}


============================== 07:33:13.390655 | e251fb38-0d96-440f-bbcc-fbcc3517a42c ==============================
[0m07:33:13.390655 [info ] [MainThread]: Running with dbt=1.9.0-b2
[0m07:33:13.392631 [debug] [MainThread]: running dbt with arguments {'printer_width': '80', 'indirect_selection': 'eager', 'log_cache_events': 'False', 'write_json': 'True', 'partial_parse': 'True', 'cache_selected_only': 'False', 'profiles_dir': '/home/oscar-sinaga/.dbt', 'version_check': 'True', 'debug': 'False', 'log_path': 'logs', 'warn_error': 'None', 'fail_fast': 'False', 'use_colors': 'True', 'use_experimental_parser': 'False', 'no_print': 'None', 'quiet': 'False', 'empty': 'None', 'warn_error_options': 'WarnErrorOptions(include=[], exclude=[])', 'invocation_command': 'dbt debug', 'introspect': 'True', 'log_format': 'default', 'target_path': 'None', 'static_parser': 'True', 'send_anonymous_usage_stats': 'True'}
[0m07:33:13.416837 [info ] [MainThread]: dbt version: 1.9.0-b2
[0m07:33:13.418673 [info ] [MainThread]: python version: 3.11.5
[0m07:33:13.420309 [info ] [MainThread]: python path: /home/oscar-sinaga/miniconda3/bin/python
[0m07:33:13.421869 [info ] [MainThread]: os info: Linux-5.15.167.4-microsoft-standard-WSL2-x86_64-with-glibc2.35
[0m07:33:13.611033 [info ] [MainThread]: Using profiles dir at /home/oscar-sinaga/.dbt
[0m07:33:13.613149 [info ] [MainThread]: Using profiles.yml file at /home/oscar-sinaga/.dbt/profiles.yml
[0m07:33:13.615222 [info ] [MainThread]: Using dbt_project.yml file at /mnt/d/OneDrive - UGM 365/dev/pacmann/data-storage-pacbook/dbt_project.yml
[0m07:33:13.616809 [error] [MainThread]: Encountered an error:
Internal Error
  Profile should not be None if loading profile completed
[0m07:33:13.620893 [debug] [MainThread]: Resource report: {"command_name": "debug", "command_wall_clock_time": 0.32375863, "process_user_time": 1.798131, "process_kernel_time": 0.58291, "process_mem_max_rss": "94460", "process_in_blocks": "103384", "command_success": false, "process_out_blocks": "0"}
[0m07:33:13.622783 [debug] [MainThread]: Command `dbt debug` failed at 07:33:13.622593 after 0.33 seconds
[0m07:33:13.624445 [debug] [MainThread]: Sending event: {'category': 'dbt', 'action': 'invocation', 'label': 'end', 'context': [<snowplow_tracker.self_describing_json.SelfDescribingJson object at 0x7fad57784310>, <snowplow_tracker.self_describing_json.SelfDescribingJson object at 0x7fad53c17b90>, <snowplow_tracker.self_describing_json.SelfDescribingJson object at 0x7fad53c17b10>]}
[0m07:33:13.626066 [debug] [MainThread]: Flushing usage events
[0m07:33:14.946045 [debug] [MainThread]: An error was encountered while trying to flush usage events
[0m07:34:42.063194 [debug] [MainThread]: Sending event: {'category': 'dbt', 'action': 'invocation', 'label': 'start', 'context': [<snowplow_tracker.self_describing_json.SelfDescribingJson object at 0x7f3d635c36d0>, <snowplow_tracker.self_describing_json.SelfDescribingJson object at 0x7f3d63600390>, <snowplow_tracker.self_describing_json.SelfDescribingJson object at 0x7f3d635c35d0>]}


============================== 07:34:42.069219 | b8e563c3-af7e-471d-8014-f3bcbcd1a79c ==============================
[0m07:34:42.069219 [info ] [MainThread]: Running with dbt=1.9.0-b2
[0m07:34:42.070850 [debug] [MainThread]: running dbt with arguments {'printer_width': '80', 'indirect_selection': 'eager', 'log_cache_events': 'False', 'write_json': 'True', 'partial_parse': 'True', 'cache_selected_only': 'False', 'warn_error': 'None', 'debug': 'False', 'profiles_dir': '/home/oscar-sinaga/.dbt', 'log_path': 'logs', 'version_check': 'True', 'fail_fast': 'False', 'use_colors': 'True', 'use_experimental_parser': 'False', 'no_print': 'None', 'quiet': 'False', 'empty': 'None', 'log_format': 'default', 'introspect': 'True', 'static_parser': 'True', 'invocation_command': 'dbt debug --config-dir', 'target_path': 'None', 'warn_error_options': 'WarnErrorOptions(include=[], exclude=[])', 'send_anonymous_usage_stats': 'True'}
[0m07:34:42.093670 [info ] [MainThread]: To view your profiles.yml file, run:

xdg-open /home/oscar-sinaga/.dbt
[0m07:34:42.098094 [debug] [MainThread]: Resource report: {"command_name": "debug", "command_success": true, "command_wall_clock_time": 0.11477008, "process_user_time": 1.690816, "process_kernel_time": 0.292239, "process_mem_max_rss": "89932", "process_in_blocks": "89576", "process_out_blocks": "0"}
[0m07:34:42.100789 [debug] [MainThread]: Command `dbt debug` succeeded at 07:34:42.100567 after 0.12 seconds
[0m07:34:42.102925 [debug] [MainThread]: Sending event: {'category': 'dbt', 'action': 'invocation', 'label': 'end', 'context': [<snowplow_tracker.self_describing_json.SelfDescribingJson object at 0x7f3d63613cd0>, <snowplow_tracker.self_describing_json.SelfDescribingJson object at 0x7f3d67148410>, <snowplow_tracker.self_describing_json.SelfDescribingJson object at 0x7f3d63ab0d90>]}
[0m07:34:42.105184 [debug] [MainThread]: Flushing usage events
[0m07:34:43.440070 [debug] [MainThread]: An error was encountered while trying to flush usage events
[0m07:35:21.542769 [debug] [MainThread]: Sending event: {'category': 'dbt', 'action': 'invocation', 'label': 'start', 'context': [<snowplow_tracker.self_describing_json.SelfDescribingJson object at 0x7f9dda3ad7d0>, <snowplow_tracker.self_describing_json.SelfDescribingJson object at 0x7f9dda3ad810>, <snowplow_tracker.self_describing_json.SelfDescribingJson object at 0x7f9dda3aeed0>]}


============================== 07:35:21.548790 | 33cd1a85-6d14-43a2-9fb4-8da7b98eed5c ==============================
[0m07:35:21.548790 [info ] [MainThread]: Running with dbt=1.9.0-b2
[0m07:35:21.550891 [debug] [MainThread]: running dbt with arguments {'printer_width': '80', 'indirect_selection': 'eager', 'write_json': 'True', 'log_cache_events': 'False', 'partial_parse': 'True', 'cache_selected_only': 'False', 'profiles_dir': '/mnt/d/OneDrive - UGM 365/dev/pacmann/data-storage-pacbook/pacbook_dwh', 'fail_fast': 'False', 'warn_error': 'None', 'log_path': 'logs', 'version_check': 'True', 'debug': 'False', 'use_colors': 'True', 'use_experimental_parser': 'False', 'empty': 'None', 'quiet': 'False', 'no_print': 'None', 'log_format': 'default', 'static_parser': 'True', 'invocation_command': 'dbt debug --config-dir', 'introspect': 'True', 'target_path': 'None', 'warn_error_options': 'WarnErrorOptions(include=[], exclude=[])', 'send_anonymous_usage_stats': 'True'}
[0m07:35:21.566716 [info ] [MainThread]: To view your profiles.yml file, run:

xdg-open /mnt/d/OneDrive - UGM 365/dev/pacmann/data-storage-pacbook/pacbook_dwh
[0m07:35:21.569974 [debug] [MainThread]: Resource report: {"command_name": "debug", "command_success": true, "command_wall_clock_time": 0.1379842, "process_user_time": 1.562426, "process_kernel_time": 0.120962, "process_mem_max_rss": "90240", "process_in_blocks": "0", "process_out_blocks": "0"}
[0m07:35:21.572618 [debug] [MainThread]: Command `dbt debug` succeeded at 07:35:21.572254 after 0.14 seconds
[0m07:35:21.574893 [debug] [MainThread]: Sending event: {'category': 'dbt', 'action': 'invocation', 'label': 'end', 'context': [<snowplow_tracker.self_describing_json.SelfDescribingJson object at 0x7f9ddad1f390>, <snowplow_tracker.self_describing_json.SelfDescribingJson object at 0x7f9dda3b9ed0>, <snowplow_tracker.self_describing_json.SelfDescribingJson object at 0x7f9dde0a02d0>]}
[0m07:35:21.577698 [debug] [MainThread]: Flushing usage events
[0m07:35:22.935728 [debug] [MainThread]: An error was encountered while trying to flush usage events
[0m07:35:28.401178 [debug] [MainThread]: Sending event: {'category': 'dbt', 'action': 'invocation', 'label': 'start', 'context': [<snowplow_tracker.self_describing_json.SelfDescribingJson object at 0x7f67059b3490>, <snowplow_tracker.self_describing_json.SelfDescribingJson object at 0x7f67055bb1d0>, <snowplow_tracker.self_describing_json.SelfDescribingJson object at 0x7f67056c47d0>]}


============================== 07:35:28.405790 | cb4ea278-3ec4-4ec7-bc80-18833ee36c84 ==============================
[0m07:35:28.405790 [info ] [MainThread]: Running with dbt=1.9.0-b2
[0m07:35:28.407543 [debug] [MainThread]: running dbt with arguments {'printer_width': '80', 'indirect_selection': 'eager', 'log_cache_events': 'False', 'write_json': 'True', 'partial_parse': 'True', 'cache_selected_only': 'False', 'profiles_dir': '/mnt/d/OneDrive - UGM 365/dev/pacmann/data-storage-pacbook/pacbook_dwh', 'debug': 'False', 'warn_error': 'None', 'log_path': 'logs', 'version_check': 'True', 'fail_fast': 'False', 'use_colors': 'True', 'use_experimental_parser': 'False', 'no_print': 'None', 'quiet': 'False', 'empty': 'None', 'log_format': 'default', 'introspect': 'True', 'static_parser': 'True', 'warn_error_options': 'WarnErrorOptions(include=[], exclude=[])', 'target_path': 'None', 'invocation_command': 'dbt debug', 'send_anonymous_usage_stats': 'True'}
[0m07:35:28.417435 [info ] [MainThread]: dbt version: 1.9.0-b2
[0m07:35:28.419222 [info ] [MainThread]: python version: 3.11.5
[0m07:35:28.420767 [info ] [MainThread]: python path: /home/oscar-sinaga/miniconda3/bin/python
[0m07:35:28.422130 [info ] [MainThread]: os info: Linux-5.15.167.4-microsoft-standard-WSL2-x86_64-with-glibc2.35
[0m07:35:28.572718 [info ] [MainThread]: Using profiles dir at /mnt/d/OneDrive - UGM 365/dev/pacmann/data-storage-pacbook/pacbook_dwh
[0m07:35:28.574662 [info ] [MainThread]: Using profiles.yml file at /mnt/d/OneDrive - UGM 365/dev/pacmann/data-storage-pacbook/pacbook_dwh/profiles.yml
[0m07:35:28.576417 [info ] [MainThread]: Using dbt_project.yml file at /mnt/d/OneDrive - UGM 365/dev/pacmann/data-storage-pacbook/dbt_project.yml
[0m07:35:28.578634 [info ] [MainThread]: adapter type: postgres
[0m07:35:28.580372 [info ] [MainThread]: adapter version: 1.8.2
[0m07:35:28.582214 [info ] [MainThread]: Configuration:
[0m07:35:28.583842 [info ] [MainThread]:   profiles.yml file [[32mOK found and valid[0m]
[0m07:35:28.585207 [info ] [MainThread]:   dbt_project.yml file [[31mERROR not found[0m]
[0m07:35:28.586847 [info ] [MainThread]: Required dependencies:
[0m07:35:28.589036 [debug] [MainThread]: Executing "git --help"
[0m07:35:28.609809 [debug] [MainThread]: STDOUT: "b"usage: git [--version] [--help] [-C <path>] [-c <name>=<value>]\n           [--exec-path[=<path>]] [--html-path] [--man-path] [--info-path]\n           [-p | --paginate | -P | --no-pager] [--no-replace-objects] [--bare]\n           [--git-dir=<path>] [--work-tree=<path>] [--namespace=<name>]\n           [--super-prefix=<path>] [--config-env=<name>=<envvar>]\n           <command> [<args>]\n\nThese are common Git commands used in various situations:\n\nstart a working area (see also: git help tutorial)\n   clone     Clone a repository into a new directory\n   init      Create an empty Git repository or reinitialize an existing one\n\nwork on the current change (see also: git help everyday)\n   add       Add file contents to the index\n   mv        Move or rename a file, a directory, or a symlink\n   restore   Restore working tree files\n   rm        Remove files from the working tree and from the index\n\nexamine the history and state (see also: git help revisions)\n   bisect    Use binary search to find the commit that introduced a bug\n   diff      Show changes between commits, commit and working tree, etc\n   grep      Print lines matching a pattern\n   log       Show commit logs\n   show      Show various types of objects\n   status    Show the working tree status\n\ngrow, mark and tweak your common history\n   branch    List, create, or delete branches\n   commit    Record changes to the repository\n   merge     Join two or more development histories together\n   rebase    Reapply commits on top of another base tip\n   reset     Reset current HEAD to the specified state\n   switch    Switch branches\n   tag       Create, list, delete or verify a tag object signed with GPG\n\ncollaborate (see also: git help workflows)\n   fetch     Download objects and refs from another repository\n   pull      Fetch from and integrate with another repository or a local branch\n   push      Update remote refs along with associated objects\n\n'git help -a' and 'git help -g' list available subcommands and some\nconcept guides. See 'git help <command>' or 'git help <concept>'\nto read about a specific subcommand or concept.\nSee 'git help git' for an overview of the system.\n""
[0m07:35:28.611955 [debug] [MainThread]: STDERR: "b''"
[0m07:35:28.613411 [info ] [MainThread]:  - git [[32mOK found[0m]

[0m07:35:28.615218 [info ] [MainThread]: Connection:
[0m07:35:28.616811 [info ] [MainThread]:   host: localhost
[0m07:35:28.618553 [info ] [MainThread]:   port: 5438
[0m07:35:28.620189 [info ] [MainThread]:   user: postgres
[0m07:35:28.622807 [info ] [MainThread]:   database: pacbook_dwh
[0m07:35:28.624518 [info ] [MainThread]:   schema: pacbook_dwh
[0m07:35:28.627041 [info ] [MainThread]:   connect_timeout: 10
[0m07:35:28.628740 [info ] [MainThread]:   role: None
[0m07:35:28.630140 [info ] [MainThread]:   search_path: None
[0m07:35:28.631386 [info ] [MainThread]:   keepalives_idle: 0
[0m07:35:28.632946 [info ] [MainThread]:   sslmode: None
[0m07:35:28.634205 [info ] [MainThread]:   sslcert: None
[0m07:35:28.635644 [info ] [MainThread]:   sslkey: None
[0m07:35:28.637136 [info ] [MainThread]:   sslrootcert: None
[0m07:35:28.638555 [info ] [MainThread]:   application_name: dbt
[0m07:35:28.640291 [info ] [MainThread]:   retries: 1
[0m07:35:28.642308 [info ] [MainThread]: Registered adapter: postgres=1.8.2
[0m07:35:28.646889 [debug] [MainThread]: Acquiring new postgres connection 'debug'
[0m07:35:28.688437 [debug] [MainThread]: Using postgres connection "debug"
[0m07:35:28.690506 [debug] [MainThread]: On debug: select 1 as id
[0m07:35:28.692514 [debug] [MainThread]: Opening a new connection, currently in state init
[0m07:35:28.766361 [debug] [MainThread]: SQL status: SELECT 1 in 0.074 seconds
[0m07:35:28.768971 [debug] [MainThread]: On debug: Close
[0m07:35:28.770617 [info ] [MainThread]:   Connection test: [[32mOK connection ok[0m]

[0m07:35:28.772647 [info ] [MainThread]: [31m1 check failed:[0m
[0m07:35:28.774484 [info ] [MainThread]: Project loading failed for the following reason:
 project path </mnt/d/OneDrive - UGM 365/dev/pacmann/data-storage-pacbook/dbt_project.yml> not found

[0m07:35:28.777045 [debug] [MainThread]: Resource report: {"command_name": "debug", "command_wall_clock_time": 0.45004946, "process_user_time": 1.66424, "process_kernel_time": 0.16138, "process_mem_max_rss": "102048", "process_in_blocks": "15000", "command_success": false, "process_out_blocks": "0"}
[0m07:35:28.779094 [debug] [MainThread]: Command `dbt debug` failed at 07:35:28.778885 after 0.45 seconds
[0m07:35:28.780678 [debug] [MainThread]: Connection 'debug' was properly closed.
[0m07:35:28.782326 [debug] [MainThread]: Sending event: {'category': 'dbt', 'action': 'invocation', 'label': 'end', 'context': [<snowplow_tracker.self_describing_json.SelfDescribingJson object at 0x7f670910c490>, <snowplow_tracker.self_describing_json.SelfDescribingJson object at 0x7f6705418250>, <snowplow_tracker.self_describing_json.SelfDescribingJson object at 0x7f67049779d0>]}
[0m07:35:28.783874 [debug] [MainThread]: Flushing usage events
[0m07:35:30.007383 [debug] [MainThread]: An error was encountered while trying to flush usage events
